// Jest Snapshot v1, https://goo.gl/fbAQLP

exports[`Pruebas en <GifItem/> Test - Match con el Snapshot 1`] = `
<div>
  <div
    class="card"
  >
    <img
      alt="makima"
      src="https://media0.giphy.com/media/VIcRzb0tOPwk7ebiqM/100.gif?cid=fd6452dac4aju8daynrbfewi149ph14auj1gu7d4cp93wk0h&ep=v1_gifs_search&rid=100.gif&ct=g"
    />
    <p>
      makima
    </p>
  </div>
</div>
`;
